HDR ['tonemapped', 'hdri']
pine_tree_01_bark_disp_1k.png 1633203
pine_tree_01_bark_diff_1k.png 5568559
pine_tree_01_trunk_a_nor_gl_1k.png 4338077
pine_tree_01_bark_rough_1k.png 2488380
pine_tree_01_bark_nor_gl_1k.png 5640903
pine_tree_01_trunk_b_nor_gl_1k.png 4129931
pine_tree_01_trunk_a_rough_1k.png 1656557
pine_tree_01_trunk_b_rough_1k.png 1626272
pine_tree_01_trunk_a_diff_1k.png 5013819
pine_tree_01_trunk_b_diff_1k.png 4847111
pine_tree_01_trunk_c_rough_1k.png 1722380
pine_tree_01_twig_alpha_1k.png 351928
pine_tree_01_twig_mask_1k.png 226541
pine_tree_01_twig_diff_1k.png 3208228
pine_tree_01_twig_nor_gl_1k.png 3021524
pine_tree_01_twig_rough_1k.png 1342516
pine_tree_01_trunk_c_diff_1k.png 5140137
pine_tree_01_trunk_c_nor_gl_1k.png 4450875
island_tree_02_branches_rough_1k.png 1625206
island_tree_02_diff_1k.jpg 738738
island_tree_02_branches_nor_gl_1k.png 5400459
island_tree_02_leaves_alpha_1k.png 57438
island_tree_02_branches_diff_1k.png 5300342
island_tree_02_leaves_diff_1k.png 1638916
island_tree_02_leaves_rough_1k.png 879599
island_tree_02_leaves_nor_gl_1k.png 2886859
island_tree_02_nor_gl_1k.exr 2353279
tree_small_02_branch_diff_1k.png 1277270
island_tree_02_rough_1k.exr 892307
tree_small_02_branch_rough_1k.png 421614
tree_small_02_diff_1k.jpg 863246
tree_small_02_leaves_alpha_1k.png 264711
tree_small_02_leaves_diff_1k.png 2338424
tree_small_02_leaves_nor_gl_1k.png 4903387
tree_small_02_leaves_rough_1k.png 1043665
tree_small_02_rough_1k.exr 978557
tree_small_02_branch_nor_gl_1k.png 5754879
tree_small_02_nor_gl_1k.exr 2462999
shrub_01_rough_1k.exr 343569
shrub_01_alpha_1k.png 132597
shrub_01_nor_gl_1k.exr 1651867
shrub_01_diff_1k.jpg 502162
shrub_01_disp_1k.png 970478
shrub_01.blend 6535174
grass_medium_01.blend 1832028
grass_medium_01_alpha_1k.png 648718
island_tree_02.blend 38795227
grass_medium_01_diff_1k.jpg 395673
grass_medium_01_dry_diff_1k.png 2167830
grass_medium_01_rough_1k.exr 900132
grass_medium_01_nor_gl_1k.exr 2021011
sky.hdr 20674857
tree_small_02.blend 63805841
pine_tree_01.blend 570739325
