
ASSET island_tree_02 38795227
COLLECTIONS ['island_tree_02_LOD1', 'island_tree_02_LOD0', 'island_tree_02_leaves_LOD1', 'island_tree_02_leaves_LOD0', 'island_tree_02_geometry_nodes', 'island_tree_02_geometry', 'island_tree_02_branches_LOD1', 'island_tree_02_branches_LOD0', 'island_tree_02']
OBJ island_tree_leaves_c_LOD0 MESH (0.22, 0.26, 0.16) 2295 []
OBJ island_tree_leaves_b_LOD0 MESH (0.17, 0.22, 0.17) 1191 []
OBJ island_tree_leaves_a_LOD0 MESH (0.14, 0.19, 0.08) 985 []
OBJ island_tree_branches_d_LOD0 MESH (0.26, 0.32, 0.37) 462 []
OBJ island_tree_branches_c_LOD0 MESH (0.28, 0.17, 0.36) 477 []
OBJ island_tree_branches_b_LOD0 MESH (0.15, 0.2, 0.3) 246 []
OBJ island_tree_branches_a_LOD0 MESH (0.24, 0.11, 0.41) 308 []
OBJ island_tree_02_LOD1 MESH (4.19, 4.08, 3.41) 353477 []
OBJ island_tree_02_LOD0 MESH (4.21, 4.07, 3.41) 818396 []
OBJ island_tree_02_leaves_c_LOD1 MESH (0.22, 0.26, 0.16) 1002 []
OBJ island_tree_02_leaves_b_LOD1 MESH (0.17, 0.22, 0.17) 516 []
OBJ island_tree_02_leaves_a_LOD1 MESH (0.14, 0.19, 0.08) 434 []
OBJ island_tree_02_geometry_nodes MESH (2.36, 2.72, 2.62) 13673 [('GeometryNodes', 'NODES')]
OBJ island_tree_02_branches_d_LOD1 MESH (0.26, 0.32, 0.37) 163 []
OBJ island_tree_02_branches_c_LOD1 MESH (0.28, 0.17, 0.36) 168 []
OBJ island_tree_02_branches_b_LOD1 MESH (0.14, 0.2, 0.3) 88 []
OBJ island_tree_02_branches_a_LOD1 MESH (0.24, 0.11, 0.41) 108 []

ASSET tree_small_02 63805841
COLLECTIONS ['tree_small_02_LOD1', 'tree_small_02_LOD0', 'tree_small_02_leaves_LOD1', 'tree_small_02_leaves_LOD0', 'tree_small_02_geometry_nodes', 'tree_small_02_geometry', 'tree_small_02']
OBJ tree_small_02_trunk MESH (1.7, 2.32, 3.69) 14160 [('WeightedNormal', 'WEIGHTED_NORMAL')]
OBJ tree_small_02_LOD1 MESH (2.92, 4.29, 4.56) 626249 []
OBJ tree_small_02_LOD0 MESH (2.92, 4.29, 4.56) 1755568 []
OBJ tree_small_02_leaves_d_LOD1 MESH (0.16, 0.12, 0.09) 92 []
OBJ tree_small_02_leaves_d_LOD0 MESH (0.16, 0.15, 0.09) 297 []
OBJ tree_small_02_leaves_c_LOD1 MESH (0.26, 0.34, 0.1) 288 []
OBJ tree_small_02_leaves_c_LOD0 MESH (0.26, 0.34, 0.1) 885 []
OBJ tree_small_02_leaves_b_LOD1 MESH (0.27, 0.38, 0.13) 313 []
OBJ tree_small_02_leaves_b_LOD0 MESH (0.27, 0.37, 0.14) 922 []
OBJ tree_small_02_leaves_a_LOD1 MESH (0.25, 0.31, 0.08) 209 []
OBJ tree_small_02_leaves_a_LOD0 MESH (0.25, 0.3, 0.08) 627 []
OBJ tree_small_02_geometry_nodes CURVE (4.57, 6.38, 4.63)  [('GeometryNodes', 'NODES')]

ASSET shrub_01 6535174
COLLECTIONS ['shrub_01_LOD3', 'shrub_01_LOD2', 'shrub_01_LOD1', 'shrub_01_LOD0', 'shrub_01']
OBJ shrub_01_i_LOD3 MESH (0.18, 0.18, 0.34) 3137 []
OBJ shrub_01_i_LOD2 MESH (0.18, 0.18, 0.34) 6290 []
OBJ shrub_01_i_LOD1 MESH (0.18, 0.18, 0.34) 9607 []
OBJ shrub_01_i_LOD0 MESH (0.18, 0.18, 0.35) 21147 []
OBJ shrub_01_h_LOD3 MESH (0.23, 0.2, 0.39) 5010 []
OBJ shrub_01_h_LOD2 MESH (0.23, 0.2, 0.39) 10151 []
OBJ shrub_01_h_LOD1 MESH (0.23, 0.2, 0.39) 15403 []
OBJ shrub_01_h_LOD0 MESH (0.23, 0.2, 0.4) 33573 []
OBJ shrub_01_g_LOD3 MESH (0.11, 0.11, 0.25) 2752 []
OBJ shrub_01_g_LOD2 MESH (0.11, 0.11, 0.25) 5674 []
OBJ shrub_01_g_LOD1 MESH (0.11, 0.11, 0.25) 8626 []
OBJ shrub_01_g_LOD0 MESH (0.11, 0.11, 0.25) 18365 []
OBJ shrub_01_f_LOD3 MESH (0.09, 0.1, 0.12) 216 []
OBJ shrub_01_f_LOD2 MESH (0.09, 0.1, 0.12) 348 []
OBJ shrub_01_f_LOD1 MESH (0.09, 0.1, 0.12) 513 []
OBJ shrub_01_f_LOD0 MESH (0.09, 0.1, 0.12) 1658 []
OBJ shrub_01_e_LOD3 MESH (0.09, 0.11, 0.18) 304 []
OBJ shrub_01_e_LOD2 MESH (0.09, 0.11, 0.18) 485 []
OBJ shrub_01_e_LOD1 MESH (0.09, 0.11, 0.18) 732 []
OBJ shrub_01_e_LOD0 MESH (0.09, 0.11, 0.18) 2361 []
OBJ shrub_01_d_LOD3 MESH (0.14, 0.15, 0.2) 315 []
OBJ shrub_01_d_LOD2 MESH (0.14, 0.15, 0.2) 509 []
OBJ shrub_01_d_LOD1 MESH (0.14, 0.15, 0.2) 769 []
OBJ shrub_01_d_LOD0 MESH (0.14, 0.15, 0.2) 2486 []
OBJ shrub_01_c_LOD3 MESH (0.16, 0.18, 0.29) 392 []
OBJ shrub_01_c_LOD2 MESH (0.16, 0.18, 0.29) 627 []
OBJ shrub_01_c_LOD1 MESH (0.16, 0.18, 0.29) 995 []
OBJ shrub_01_c_LOD0 MESH (0.16, 0.18, 0.29) 3268 []
OBJ shrub_01_b_LOD3 MESH (0.18, 0.18, 0.33) 437 []
OBJ shrub_01_b_LOD2 MESH (0.18, 0.18, 0.33) 699 []
OBJ shrub_01_b_LOD1 MESH (0.18, 0.18, 0.33) 1134 []
OBJ shrub_01_b_LOD0 MESH (0.18, 0.18, 0.33) 3729 []
OBJ shrub_01_a_LOD3 MESH (0.23, 0.21, 0.37) 648 []
OBJ shrub_01_a_LOD2 MESH (0.23, 0.21, 0.37) 1047 []
OBJ shrub_01_a_LOD1 MESH (0.23, 0.21, 0.37) 1649 []
OBJ shrub_01_a_LOD0 MESH (0.23, 0.21, 0.37) 5375 []

ASSET grass_medium_01 1832028
COLLECTIONS ['grass_medium_01_LOD2', 'grass_medium_01_LOD1', 'grass_medium_01_LOD0', 'grass_medium_01_geonodes_LOD2', 'grass_medium_01_geonodes_LOD1', 'grass_medium_01_geonodes_LOD0', 'grass_medium_01_geometry_nodes', 'grass_medium_01_geometry', 'grass_medium_01']
OBJ grass_medium_01_tiny_f_LOD2 MESH (0.05, 0.07, 0.05) 37 []
OBJ grass_medium_01_tiny_f_LOD1 MESH (0.06, 0.07, 0.05) 44 []
OBJ grass_medium_01_tiny_f_LOD0 MESH (0.06, 0.07, 0.05) 60 []
OBJ grass_medium_01_tiny_e_LOD2 MESH (0.08, 0.07, 0.05) 38 []
OBJ grass_medium_01_tiny_e_LOD1 MESH (0.09, 0.07, 0.05) 48 []
OBJ grass_medium_01_tiny_e_LOD0 MESH (0.09, 0.07, 0.05) 66 []
OBJ grass_medium_01_tiny_d_LOD2 MESH (0.04, 0.09, 0.05) 18 []
OBJ grass_medium_01_tiny_d_LOD1 MESH (0.04, 0.09, 0.05) 30 []
OBJ grass_medium_01_tiny_d_LOD0 MESH (0.04, 0.09, 0.05) 36 []
OBJ grass_medium_01_tiny_c_LOD2 MESH (0.01, 0.03, 0.08) 22 []
OBJ grass_medium_01_tiny_c_LOD1 MESH (0.02, 0.03, 0.08) 34 []
OBJ grass_medium_01_tiny_c_LOD0 MESH (0.02, 0.03, 0.08) 44 []
OBJ grass_medium_01_tiny_b_LOD2 MESH (0.02, 0.03, 0.06) 15 []
OBJ grass_medium_01_tiny_b_LOD1 MESH (0.02, 0.03, 0.06) 22 []
OBJ grass_medium_01_tiny_b_LOD0 MESH (0.02, 0.03, 0.06) 30 []
OBJ grass_medium_01_tiny_a_LOD2 MESH (0.07, 0.07, 0.11) 43 []
OBJ grass_medium_01_tiny_a_LOD1 MESH (0.07, 0.07, 0.11) 67 []
OBJ grass_medium_01_tiny_a_LOD0 MESH (0.07, 0.07, 0.11) 87 []
OBJ grass_medium_01_tall_c_LOD2 MESH (0.15, 0.12, 0.23) 197 []
OBJ grass_medium_01_tall_c_LOD1 MESH (0.15, 0.12, 0.23) 254 []
OBJ grass_medium_01_tall_c_LOD0 MESH (0.15, 0.13, 0.24) 394 []
OBJ grass_medium_01_tall_b_LOD2 MESH (0.15, 0.13, 0.29) 196 []
OBJ grass_medium_01_tall_b_LOD1 MESH (0.15, 0.13, 0.29) 247 []
OBJ grass_medium_01_tall_b_LOD0 MESH (0.15, 0.13, 0.29) 354 []
OBJ grass_medium_01_tall_a_LOD2 MESH (0.16, 0.16, 0.33) 150 []
OBJ grass_medium_01_tall_a_LOD1 MESH (0.16, 0.16, 0.32) 192 []
OBJ grass_medium_01_tall_a_LOD0 MESH (0.16, 0.16, 0.32) 330 []
OBJ grass_medium_01_small_b_LOD2 MESH (0.17, 0.19, 0.1) 324 []
OBJ grass_medium_01_small_b_LOD1 MESH (0.17, 0.19, 0.1) 444 []
OBJ grass_medium_01_small_b_LOD0 MESH (0.17, 0.19, 0.1) 700 []
OBJ grass_medium_01_small_a_LOD2 MESH (0.18, 0.16, 0.14) 543 []
OBJ grass_medium_01_small_a_LOD1 MESH (0.18, 0.16, 0.14) 716 []
OBJ grass_medium_01_small_a_LOD0 MESH (0.18, 0.16, 0.14) 888 []
OBJ grass_medium_01_mid_c_LOD2 MESH (0.2, 0.21, 0.13) 412 []
OBJ grass_medium_01_mid_c_LOD1 MESH (0.2, 0.21, 0.13) 737 []
OBJ grass_medium_01_mid_c_LOD0 MESH (0.19, 0.2, 0.14) 1580 []
OBJ grass_medium_01_mid_b_LOD2 MESH (0.19, 0.18, 0.18) 396 []
OBJ grass_medium_01_mid_b_LOD1 MESH (0.19, 0.18, 0.18) 755 []
OBJ grass_medium_01_mid_b_LOD0 MESH (0.19, 0.2, 0.18) 1386 []
OBJ grass_medium_01_mid_a_LOD2 MESH (0.21, 0.22, 0.2) 754 []
OBJ grass_medium_01_mid_a_LOD1 MESH (0.22, 0.22, 0.22) 1493 []
OBJ grass_medium_01_mid_a_LOD0 MESH (0.22, 0.22, 0.22) 2593 []
OBJ grass_medium_01_large_c_LOD2 MESH (0.29, 0.29, 0.14) 1200 []
OBJ grass_medium_01_large_c_LOD1 MESH (0.29, 0.29, 0.14) 2596 []
OBJ grass_medium_01_large_c_LOD0 MESH (0.28, 0.26, 0.14) 6405 []
OBJ grass_medium_01_large_b_LOD2 MESH (0.29, 0.29, 0.17) 966 []
OBJ grass_medium_01_large_b_LOD1 MESH (0.29, 0.29, 0.17) 2592 []
OBJ grass_medium_01_large_b_LOD0 MESH (0.28, 0.28, 0.17) 4823 []
OBJ grass_medium_01_large_a_LOD2 MESH (0.33, 0.33, 0.14) 1193 []
OBJ grass_medium_01_large_a_LOD1 MESH (0.33, 0.33, 0.14) 2601 []
OBJ grass_medium_01_large_a_LOD0 MESH (0.32, 0.33, 0.15) 7044 []
OBJ grass_medium_01_geonodes_tiny_f_LOD2 MESH (0.05, 0.07, 0.05) 37 []
OBJ grass_medium_01_geonodes_tiny_f_LOD1 MESH (0.06, 0.07, 0.05) 44 []
OBJ grass_medium_01_geonodes_tiny_f_LOD0 MESH (0.06, 0.07, 0.05) 60 []
OBJ grass_medium_01_geonodes_tiny_e_LOD2 MESH (0.08, 0.07, 0.05) 38 []
OBJ grass_medium_01_geonodes_tiny_e_LOD1 MESH (0.09, 0.07, 0.05) 48 []
OBJ grass_medium_01_geonodes_tiny_e_LOD0 MESH (0.09, 0.07, 0.05) 66 []
OBJ grass_medium_01_geonodes_tiny_d_LOD2 MESH (0.04, 0.09, 0.05) 18 []
OBJ grass_medium_01_geonodes_tiny_d_LOD1 MESH (0.04, 0.09, 0.05) 30 []
OBJ grass_medium_01_geonodes_tiny_d_LOD0 MESH (0.04, 0.09, 0.05) 36 []
OBJ grass_medium_01_geonodes_tiny_c_LOD2 MESH (0.01, 0.03, 0.08) 22 []
OBJ grass_medium_01_geonodes_tiny_c_LOD1 MESH (0.02, 0.03, 0.08) 34 []
OBJ grass_medium_01_geonodes_tiny_c_LOD0 MESH (0.02, 0.03, 0.08) 44 []
OBJ grass_medium_01_geonodes_tiny_b_LOD2 MESH (0.02, 0.03, 0.06) 15 []
OBJ grass_medium_01_geonodes_tiny_b_LOD1 MESH (0.02, 0.03, 0.06) 22 []
OBJ grass_medium_01_geonodes_tiny_b_LOD0 MESH (0.02, 0.03, 0.06) 30 []
OBJ grass_medium_01_geonodes_tiny_a_LOD2 MESH (0.07, 0.07, 0.11) 43 []
OBJ grass_medium_01_geonodes_tiny_a_LOD1 MESH (0.07, 0.07, 0.11) 67 []
OBJ grass_medium_01_geonodes_tiny_a_LOD0 MESH (0.07, 0.07, 0.11) 87 []
OBJ grass_medium_01_geonodes_tall_c_LOD2 MESH (0.15, 0.12, 0.23) 197 []
OBJ grass_medium_01_geonodes_tall_c_LOD1 MESH (0.15, 0.12, 0.23) 254 []
OBJ grass_medium_01_geonodes_tall_c_LOD0 MESH (0.15, 0.13, 0.24) 394 []
OBJ grass_medium_01_geonodes_tall_b_LOD2 MESH (0.15, 0.13, 0.29) 196 []
OBJ grass_medium_01_geonodes_tall_b_LOD1 MESH (0.15, 0.13, 0.29) 247 []
OBJ grass_medium_01_geonodes_tall_b_LOD0 MESH (0.15, 0.13, 0.29) 354 []
OBJ grass_medium_01_geonodes_tall_a_LOD2 MESH (0.16, 0.16, 0.33) 150 []
OBJ grass_medium_01_geonodes_tall_a_LOD1 MESH (0.16, 0.16, 0.32) 192 []
OBJ grass_medium_01_geonodes_tall_a_LOD0 MESH (0.16, 0.16, 0.32) 330 []
OBJ grass_medium_01_geonodes_small_b_LOD2 MESH (0.17, 0.19, 0.1) 324 []
OBJ grass_medium_01_geonodes_small_b_LOD1 MESH (0.17, 0.19, 0.1) 444 []
OBJ grass_medium_01_geonodes_small_b_LOD0 MESH (0.17, 0.19, 0.1) 700 []
OBJ grass_medium_01_geonodes_small_a_LOD2 MESH (0.18, 0.16, 0.14) 543 []
OBJ grass_medium_01_geonodes_small_a_LOD1 MESH (0.18, 0.16, 0.14) 716 []
OBJ grass_medium_01_geonodes_small_a_LOD0 MESH (0.18, 0.16, 0.14) 888 []
OBJ grass_medium_01_geonodes_mid_c_LOD2 MESH (0.2, 0.21, 0.13) 412 []
OBJ grass_medium_01_geonodes_mid_c_LOD1 MESH (0.2, 0.21, 0.13) 737 []
OBJ grass_medium_01_geonodes_mid_c_LOD0 MESH (0.19, 0.2, 0.14) 1580 []
OBJ grass_medium_01_geonodes_mid_b_LOD2 MESH (0.19, 0.18, 0.18) 396 []
OBJ grass_medium_01_geonodes_mid_b_LOD1 MESH (0.19, 0.18, 0.18) 755 []
OBJ grass_medium_01_geonodes_mid_b_LOD0 MESH (0.19, 0.2, 0.18) 1386 []
OBJ grass_medium_01_geonodes_mid_a_LOD2 MESH (0.21, 0.22, 0.2) 754 []
OBJ grass_medium_01_geonodes_mid_a_LOD1 MESH (0.22, 0.22, 0.22) 1493 []
OBJ grass_medium_01_geonodes_mid_a_LOD0 MESH (0.22, 0.22, 0.22) 2593 []
OBJ grass_medium_01_geonodes_large_c_LOD2 MESH (0.29, 0.29, 0.14) 1200 []
OBJ grass_medium_01_geonodes_large_c_LOD1 MESH (0.29, 0.29, 0.14) 2596 []
OBJ grass_medium_01_geonodes_large_c_LOD0 MESH (0.28, 0.26, 0.14) 6405 []
OBJ grass_medium_01_geonodes_large_b_LOD2 MESH (0.29, 0.29, 0.17) 966 []
OBJ grass_medium_01_geonodes_large_b_LOD1 MESH (0.29, 0.29, 0.17) 2592 []
OBJ grass_medium_01_geonodes_large_b_LOD0 MESH (0.28, 0.28, 0.17) 4823 []
OBJ grass_medium_01_geonodes_large_a_LOD2 MESH (0.33, 0.33, 0.14) 1193 []
OBJ grass_medium_01_geonodes_large_a_LOD1 MESH (0.33, 0.33, 0.14) 2601 []
OBJ grass_medium_01_geonodes_large_a_LOD0 MESH (0.32, 0.33, 0.15) 7044 []
OBJ grass_medium_01_geometry_nodes MESH (0.7, 0.7, 0.7) 482 [('GeometryNodes', 'NODES')]

ASSET pine_tree_01 570739325
COLLECTIONS ['pine_tree_01_twigs_LOD2', 'pine_tree_01_twigs_LOD1', 'pine_tree_01_twigs_LOD0', 'pine_tree_01_trunks', 'pine_tree_01_needles_dry', 'pine_tree_01_needles', 'pine_tree_01_LOD2', 'pine_tree_01_LOD1', 'pine_tree_01_LOD0', 'pine_tree_01_geometry_nodes', 'pine_tree_01_geometry', 'pine_tree_01_dead_branches', 'pine_tree_01_branches', 'pine_tree_01']
OBJ pine_tree_01_twig_g_LOD2 MESH (0.47, 0.82, 0.28) 221 []
OBJ pine_tree_01_twig_g_LOD1 MESH (0.47, 0.82, 0.28) 383 []
OBJ pine_tree_01_twig_g CURVE (3.33, 3.48, 3.15)  [('GeometryNodes', 'NODES')]
OBJ pine_tree_01_twig_f_LOD2 MESH (0.57, 0.76, 0.25) 196 []
OBJ pine_tree_01_twig_f_LOD1 MESH (0.57, 0.76, 0.25) 390 []
OBJ pine_tree_01_twig_f CURVE (3.38, 3.44, 3.15)  [('GeometryNodes', 'NODES')]
OBJ pine_tree_01_twig_e_LOD2 MESH (0.23, 0.38, 0.22) 20 []
OBJ pine_tree_01_twig_e_LOD1 MESH (0.23, 0.38, 0.22) 30 []
OBJ pine_tree_01_twig_e CURVE (3.09, 3.31, 3.15)  [('GeometryNodes', 'NODES')]
OBJ pine_tree_01_twig_d_LOD2 MESH (0.24, 0.47, 0.26) 22 []
OBJ pine_tree_01_twig_d_LOD1 MESH (0.24, 0.47, 0.26) 33 []
OBJ pine_tree_01_twig_d CURVE (3.09, 3.38, 3.12)  [('GeometryNodes', 'NODES')]
OBJ pine_tree_01_twig_c_LOD2 MESH (0.47, 0.82, 0.28) 221 []
OBJ pine_tree_01_twig_c_LOD1 MESH (0.47, 0.82, 0.28) 333 []
OBJ pine_tree_01_twig_c CURVE (3.33, 3.48, 3.15)  [('GeometryNodes', 'NODES')]
OBJ pine_tree_01_twig_b_LOD2 MESH (0.69, 0.85, 0.27) 225 []
OBJ pine_tree_01_twig_b_LOD1 MESH (0.69, 0.85, 0.27) 344 []
OBJ pine_tree_01_twig_b CURVE (3.53, 3.44, 3.14)  [('GeometryNodes', 'NODES')]
OBJ pine_tree_01_twig_a_LOD2 MESH (0.57, 0.76, 0.25) 195 []
OBJ pine_tree_01_twig_a_LOD1 MESH (0.57, 0.76, 0.25) 298 []
OBJ pine_tree_01_twig_a CURVE (3.38, 3.44, 3.15)  [('GeometryNodes', 'NODES')]
OBJ pine_tree_01_trunk_c MESH (1.22, 1.19, 15.18) 23290 []
OBJ pine_tree_01_trunk_b MESH (1.23, 1.26, 12.53) 39564 []
OBJ pine_tree_01_trunk_a MESH (1.13, 1.17, 17.55) 42403 []
OBJ pine_tree_01_needle_k MESH (0.02, 0.01, 0.13) 20 [('Decimate', 'DECIMATE')]
OBJ pine_tree_01_needle_j MESH (0.02, 0.03, 0.14) 33 [('Decimate', 'DECIMATE')]
OBJ pine_tree_01_needle_i MESH (0.02, 0.01, 0.14) 18 [('Decimate', 'DECIMATE')]
OBJ pine_tree_01_needle_h MESH (0.02, 0.01, 0.14) 37 [('Decimate', 'DECIMATE')]
OBJ pine_tree_01_needle_g MESH (0.02, 0.02, 0.14) 31 [('Decimate', 'DECIMATE')]
OBJ pine_tree_01_needle_f MESH (0.02, 0.01, 0.16) 16 [('Decimate', 'DECIMATE')]
OBJ pine_tree_01_needle_e MESH (0.01, 0.01, 0.17) 33 [('Decimate', 'DECIMATE')]
OBJ pine_tree_01_needle_d MESH (0.01, 0.02, 0.14) 22 [('Decimate', 'DECIMATE')]
OBJ pine_tree_01_needle_c MESH (0.05, 0.01, 0.15) 21 [('Decimate', 'DECIMATE')]
OBJ pine_tree_01_needle_b MESH (0.05, 0.03, 0.15) 25 [('Decimate', 'DECIMATE')]
OBJ pine_tree_01_needle_a MESH (0.03, 0.04, 0.16) 26 [('Decimate', 'DECIMATE')]
OBJ pine_tree_01_geometry_nodes CURVE (2.32, 2.44, 17.47)  [('GeometryNodes', 'NODES')]
OBJ pine_tree_01_dead_branch_j MESH (0.61, 0.2, 1.1) 215 []
OBJ pine_tree_01_dead_branch_i MESH (0.24, 0.08, 0.89) 77 []
OBJ pine_tree_01_dead_branch_h MESH (0.45, 0.14, 0.81) 110 []
OBJ pine_tree_01_dead_branch_g MESH (0.07, 0.04, 0.81) 46 []
OBJ pine_tree_01_dead_branch_f MESH (0.04, 0.03, 0.45) 36 []
OBJ pine_tree_01_dead_branch_e MESH (0.13, 0.03, 0.67) 69 []
OBJ pine_tree_01_dead_branch_d MESH (0.03, 0.03, 0.39) 31 []
OBJ pine_tree_01_dead_branch_c MESH (0.02, 0.02, 0.4) 21 []
OBJ pine_tree_01_dead_branch_b MESH (0.04, 0.04, 0.51) 46 []
OBJ pine_tree_01_dead_branch_a MESH (0.04, 0.1, 0.84) 56 []
OBJ pine_tree_01_c_LOD2 MESH (7.62, 7.89, 17.55) 269875 []
OBJ pine_tree_01_c_LOD1 MESH (7.62, 7.89, 17.55) 421220 []
OBJ pine_tree_01_c_LOD0 MESH (7.63, 7.86, 17.54) 5860714 []
OBJ pine_tree_01_branch_g MESH (0.27, 0.73, 0.11) 1010 []
OBJ pine_tree_01_branch_f MESH (0.32, 0.67, 0.13) 918 []
OBJ pine_tree_01_branch_e MESH (0.03, 0.25, 0.09) 159 []
OBJ pine_tree_01_branch_d MESH (0.03, 0.39, 0.06) 109 []
OBJ pine_tree_01_branch_c MESH (0.27, 0.73, 0.1) 550 []
OBJ pine_tree_01_branch_b MESH (0.47, 0.72, 0.13) 532 []
OBJ pine_tree_01_branch_a MESH (0.31, 0.67, 0.13) 459 []
OBJ pine_tree_01_b_LOD2 MESH (7.22, 7.62, 14.88) 200715 []
OBJ pine_tree_01_b_LOD1 MESH (7.22, 7.62, 14.88) 306159 []
OBJ pine_tree_01_b_LOD0 MESH (7.22, 7.6, 14.88) 4115417 []
OBJ pine_tree_01_a_LOD2 MESH (7.6, 8.3, 20.4) 318849 []
OBJ pine_tree_01_a_LOD1 MESH (7.6, 8.3, 20.4) 493752 []
OBJ pine_tree_01_a_LOD0 MESH (7.6, 8.31, 20.37) 6779476 []
Blender 5.2.1 LTS (hash 9e2066aef7ef built 2026-08-25 01:35:57)

Blender quit
